// Jest Snapshot v1, https://goo.gl/fbAQLP

exports[`<Main/> should render correctly 1`] = `
<div>
  <div
    class="main"
    data-testid="main"
  >
    <div
      data-testid="graph"
    >
      <div
        class="ant-row css-dev-only-do-not-override-1kuana8"
      >
        <div
          class="ant-col ant-col-24 card1 css-dev-only-do-not-override-1kuana8"
        >
          <div
            class="ant-card ant-card-loading ant-card-bordered card css-dev-only-do-not-override-1kuana8"
          >
            <div
              class="ant-card-body"
            >
              <div
                class="ant-skeleton ant-skeleton-active css-dev-only-do-not-override-1kuana8"
              >
                <div
                  class="ant-skeleton-content"
                >
                  <ul
                    class="ant-skeleton-paragraph"
                  >
                    <li />
                    <li />
                    <li />
                    <li
                      style="width: 61%;"
                    />
                  </ul>
                </div>
              </div>
            </div>
          </div>
        </div>
      </div>
    </div>
  </div>
</div>
`;
