// Jest Snapshot v1, https://goo.gl/fbAQLP

exports[`<Chart/> should render correctly 1`] = `
<div>
  <canvas
    data-testid="chart-canvas"
  />
</div>
`;
